ARM GAS  C:\Users\843E~1\AppData\Local\Temp\cczdQBWN.s 			page 1


   1              		.cpu cortex-m4
   2              		.arch armv7e-m
   3              		.fpu fpv4-sp-d16
   4              		.eabi_attribute 27, 1
   5              		.eabi_attribute 28, 1
   6              		.eabi_attribute 20, 1
   7              		.eabi_attribute 21, 1
   8              		.eabi_attribute 23, 3
   9              		.eabi_attribute 24, 1
  10              		.eabi_attribute 25, 1
  11              		.eabi_attribute 26, 1
  12              		.eabi_attribute 30, 1
  13              		.eabi_attribute 34, 1
  14              		.eabi_attribute 18, 4
  15              		.file	"p2p_server_app.c"
  16              		.text
  17              	.Ltext0:
  18              		.cfi_sections	.debug_frame
  19              		.section	.text.P2PS_STM_App_Notification,"ax",%progbits
  20              		.align	1
  21              		.global	P2PS_STM_App_Notification
  22              		.syntax unified
  23              		.thumb
  24              		.thumb_func
  26              	P2PS_STM_App_Notification:
  27              	.LVL0:
  28              	.LFB1261:
  29              		.file 1 "STM32_WPAN/App/p2p_server_app.c"
   1:STM32_WPAN/App/p2p_server_app.c **** /**
   2:STM32_WPAN/App/p2p_server_app.c ****  * @file p2p_server_app.c
   3:STM32_WPAN/App/p2p_server_app.c ****  * @brief BLE application callbacks used by the temperature sensor.
   4:STM32_WPAN/App/p2p_server_app.c ****  */
   5:STM32_WPAN/App/p2p_server_app.c **** 
   6:STM32_WPAN/App/p2p_server_app.c **** #include "main.h"
   7:STM32_WPAN/App/p2p_server_app.c **** #include "app_ble.h"
   8:STM32_WPAN/App/p2p_server_app.c **** #include "app_common.h"
   9:STM32_WPAN/App/p2p_server_app.c **** #include "dbg_trace.h"
  10:STM32_WPAN/App/p2p_server_app.c **** #include "ble.h"
  11:STM32_WPAN/App/p2p_server_app.c **** #include "p2p_server_app.h"
  12:STM32_WPAN/App/p2p_server_app.c **** #include "sensor_task.h"
  13:STM32_WPAN/App/p2p_server_app.c **** 
  14:STM32_WPAN/App/p2p_server_app.c **** volatile uint8_t Notification_Status = 0;
  15:STM32_WPAN/App/p2p_server_app.c **** 
  16:STM32_WPAN/App/p2p_server_app.c **** void P2PS_STM_App_Notification(P2PS_STM_App_Notification_evt_t *pNotification)
  17:STM32_WPAN/App/p2p_server_app.c **** {
  30              		.loc 1 17 1 view -0
  31              		.cfi_startproc
  32              		@ args = 0, pretend = 0, frame = 0
  33              		@ frame_needed = 0, uses_anonymous_args = 0
  34              		.loc 1 17 1 is_stmt 0 view .LVU1
  35 0000 08B5     		push	{r3, lr}
  36              	.LCFI0:
  37              		.cfi_def_cfa_offset 8
  38              		.cfi_offset 3, -8
  39              		.cfi_offset 14, -4
  18:STM32_WPAN/App/p2p_server_app.c ****   switch (pNotification->P2P_Evt_Opcode)
  40              		.loc 1 18 3 is_stmt 1 view .LVU2
ARM GAS  C:\Users\843E~1\AppData\Local\Temp\cczdQBWN.s 			page 2


  41              		.loc 1 18 24 is_stmt 0 view .LVU3
  42 0002 0378     		ldrb	r3, [r0]	@ zero_extendqisi2
  43              		.loc 1 18 3 view .LVU4
  44 0004 13B1     		cbz	r3, .L2
  45 0006 012B     		cmp	r3, #1
  46 0008 06D0     		beq	.L3
  47              	.LVL1:
  48              	.L1:
  19:STM32_WPAN/App/p2p_server_app.c ****   {
  20:STM32_WPAN/App/p2p_server_app.c ****     case P2PS_STM__NOTIFY_ENABLED_EVT:
  21:STM32_WPAN/App/p2p_server_app.c ****       Notification_Status = 1;
  22:STM32_WPAN/App/p2p_server_app.c ****       APP_DBG_MSG("BLE: temperature notifications enabled\r\n");
  23:STM32_WPAN/App/p2p_server_app.c ****       SensorTask_RequestMeasurement();
  24:STM32_WPAN/App/p2p_server_app.c ****       break;
  25:STM32_WPAN/App/p2p_server_app.c **** 
  26:STM32_WPAN/App/p2p_server_app.c ****     case P2PS_STM_NOTIFY_DISABLED_EVT:
  27:STM32_WPAN/App/p2p_server_app.c ****       Notification_Status = 0;
  28:STM32_WPAN/App/p2p_server_app.c ****       APP_DBG_MSG("BLE: temperature notifications disabled\r\n");
  29:STM32_WPAN/App/p2p_server_app.c ****       break;
  30:STM32_WPAN/App/p2p_server_app.c **** 
  31:STM32_WPAN/App/p2p_server_app.c ****     case P2PS_STM_WRITE_EVT:
  32:STM32_WPAN/App/p2p_server_app.c ****       /*
  33:STM32_WPAN/App/p2p_server_app.c ****        * The old project used this event for LED/sleep commands.
  34:STM32_WPAN/App/p2p_server_app.c ****        * They are intentionally removed: power management is now automatic
  35:STM32_WPAN/App/p2p_server_app.c ****        * and controlled by the BLE connection/notification state.
  36:STM32_WPAN/App/p2p_server_app.c ****        */
  37:STM32_WPAN/App/p2p_server_app.c ****       break;
  38:STM32_WPAN/App/p2p_server_app.c **** 
  39:STM32_WPAN/App/p2p_server_app.c ****     default:
  40:STM32_WPAN/App/p2p_server_app.c ****       break;
  41:STM32_WPAN/App/p2p_server_app.c ****   }
  42:STM32_WPAN/App/p2p_server_app.c **** }
  49              		.loc 1 42 1 view .LVU5
  50 000a 08BD     		pop	{r3, pc}
  51              	.LVL2:
  52              	.L2:
  21:STM32_WPAN/App/p2p_server_app.c ****       APP_DBG_MSG("BLE: temperature notifications enabled\r\n");
  53              		.loc 1 21 7 is_stmt 1 view .LVU6
  21:STM32_WPAN/App/p2p_server_app.c ****       APP_DBG_MSG("BLE: temperature notifications enabled\r\n");
  54              		.loc 1 21 27 is_stmt 0 view .LVU7
  55 000c 044B     		ldr	r3, .L6
  56 000e 0122     		movs	r2, #1
  57 0010 1A70     		strb	r2, [r3]
  22:STM32_WPAN/App/p2p_server_app.c ****       SensorTask_RequestMeasurement();
  58              		.loc 1 22 64 is_stmt 1 view .LVU8
  23:STM32_WPAN/App/p2p_server_app.c ****       break;
  59              		.loc 1 23 7 view .LVU9
  60 0012 FFF7FEFF 		bl	SensorTask_RequestMeasurement
  61              	.LVL3:
  24:STM32_WPAN/App/p2p_server_app.c **** 
  62              		.loc 1 24 7 view .LVU10
  63 0016 F8E7     		b	.L1
  64              	.LVL4:
  65              	.L3:
  27:STM32_WPAN/App/p2p_server_app.c ****       APP_DBG_MSG("BLE: temperature notifications disabled\r\n");
  66              		.loc 1 27 7 view .LVU11
  27:STM32_WPAN/App/p2p_server_app.c ****       APP_DBG_MSG("BLE: temperature notifications disabled\r\n");
ARM GAS  C:\Users\843E~1\AppData\Local\Temp\cczdQBWN.s 			page 3


  67              		.loc 1 27 27 is_stmt 0 view .LVU12
  68 0018 014B     		ldr	r3, .L6
  69 001a 0022     		movs	r2, #0
  70 001c 1A70     		strb	r2, [r3]
  28:STM32_WPAN/App/p2p_server_app.c ****       break;
  71              		.loc 1 28 65 is_stmt 1 view .LVU13
  29:STM32_WPAN/App/p2p_server_app.c **** 
  72              		.loc 1 29 7 view .LVU14
  73              		.loc 1 42 1 is_stmt 0 view .LVU15
  74 001e F4E7     		b	.L1
  75              	.L7:
  76              		.align	2
  77              	.L6:
  78 0020 00000000 		.word	.LANCHOR0
  79              		.cfi_endproc
  80              	.LFE1261:
  82              		.section	.text.P2PS_APP_Notification,"ax",%progbits
  83              		.align	1
  84              		.global	P2PS_APP_Notification
  85              		.syntax unified
  86              		.thumb
  87              		.thumb_func
  89              	P2PS_APP_Notification:
  90              	.LVL5:
  91              	.LFB1262:
  43:STM32_WPAN/App/p2p_server_app.c **** 
  44:STM32_WPAN/App/p2p_server_app.c **** void P2PS_APP_Notification(P2PS_APP_ConnHandle_Not_evt_t *pNotification)
  45:STM32_WPAN/App/p2p_server_app.c **** {
  92              		.loc 1 45 1 is_stmt 1 view -0
  93              		.cfi_startproc
  94              		@ args = 0, pretend = 0, frame = 0
  95              		@ frame_needed = 0, uses_anonymous_args = 0
  96              		@ link register save eliminated.
  46:STM32_WPAN/App/p2p_server_app.c ****   switch (pNotification->P2P_Evt_Opcode)
  97              		.loc 1 46 3 view .LVU17
  98              		.loc 1 46 24 is_stmt 0 view .LVU18
  99 0000 0378     		ldrb	r3, [r0]	@ zero_extendqisi2
 100              		.loc 1 46 3 view .LVU19
 101 0002 012B     		cmp	r3, #1
 102 0004 00D0     		beq	.L10
 103              	.L8:
  47:STM32_WPAN/App/p2p_server_app.c ****   {
  48:STM32_WPAN/App/p2p_server_app.c ****     case PEER_CONN_HANDLE_EVT:
  49:STM32_WPAN/App/p2p_server_app.c ****       APP_DBG_MSG("BLE: connected\r\n");
  50:STM32_WPAN/App/p2p_server_app.c ****       break;
  51:STM32_WPAN/App/p2p_server_app.c **** 
  52:STM32_WPAN/App/p2p_server_app.c ****     case PEER_DISCON_HANDLE_EVT:
  53:STM32_WPAN/App/p2p_server_app.c ****       Notification_Status = 0;
  54:STM32_WPAN/App/p2p_server_app.c ****       APP_DBG_MSG("BLE: disconnected\r\n");
  55:STM32_WPAN/App/p2p_server_app.c ****       break;
  56:STM32_WPAN/App/p2p_server_app.c **** 
  57:STM32_WPAN/App/p2p_server_app.c ****     default:
  58:STM32_WPAN/App/p2p_server_app.c ****       break;
  59:STM32_WPAN/App/p2p_server_app.c ****   }
  60:STM32_WPAN/App/p2p_server_app.c **** }
 104              		.loc 1 60 1 view .LVU20
 105 0006 7047     		bx	lr
ARM GAS  C:\Users\843E~1\AppData\Local\Temp\cczdQBWN.s 			page 4


 106              	.L10:
  53:STM32_WPAN/App/p2p_server_app.c ****       APP_DBG_MSG("BLE: disconnected\r\n");
 107              		.loc 1 53 7 is_stmt 1 view .LVU21
  53:STM32_WPAN/App/p2p_server_app.c ****       APP_DBG_MSG("BLE: disconnected\r\n");
 108              		.loc 1 53 27 is_stmt 0 view .LVU22
 109 0008 014B     		ldr	r3, .L11
 110 000a 0022     		movs	r2, #0
 111 000c 1A70     		strb	r2, [r3]
  54:STM32_WPAN/App/p2p_server_app.c ****       break;
 112              		.loc 1 54 43 is_stmt 1 view .LVU23
  55:STM32_WPAN/App/p2p_server_app.c **** 
 113              		.loc 1 55 7 view .LVU24
 114              		.loc 1 60 1 is_stmt 0 view .LVU25
 115 000e FAE7     		b	.L8
 116              	.L12:
 117              		.align	2
 118              	.L11:
 119 0010 00000000 		.word	.LANCHOR0
 120              		.cfi_endproc
 121              	.LFE1262:
 123              		.section	.text.P2PS_APP_Init,"ax",%progbits
 124              		.align	1
 125              		.global	P2PS_APP_Init
 126              		.syntax unified
 127              		.thumb
 128              		.thumb_func
 130              	P2PS_APP_Init:
 131              	.LFB1263:
  61:STM32_WPAN/App/p2p_server_app.c **** 
  62:STM32_WPAN/App/p2p_server_app.c **** void P2PS_APP_Init(void)
  63:STM32_WPAN/App/p2p_server_app.c **** {
 132              		.loc 1 63 1 is_stmt 1 view -0
 133              		.cfi_startproc
 134              		@ args = 0, pretend = 0, frame = 0
 135              		@ frame_needed = 0, uses_anonymous_args = 0
 136              		@ link register save eliminated.
  64:STM32_WPAN/App/p2p_server_app.c ****   /* The generated SVCCTL_Init() initializes P2PS_STM. */
  65:STM32_WPAN/App/p2p_server_app.c **** }
 137              		.loc 1 65 1 view .LVU27
 138 0000 7047     		bx	lr
 139              		.cfi_endproc
 140              	.LFE1263:
 142              		.global	Notification_Status
 143              		.section	.bss.Notification_Status,"aw",%nobits
 144              		.set	.LANCHOR0,. + 0
 147              	Notification_Status:
 148 0000 00       		.space	1
 149              		.text
 150              	.Letext0:
 151              		.file 2 "g:\\arm\\10 2021.10\\arm-none-eabi\\include\\machine\\_default_types.h"
 152              		.file 3 "g:\\arm\\10 2021.10\\arm-none-eabi\\include\\sys\\_stdint.h"
 153              		.file 4 "Core/Inc/app_conf.h"
 154              		.file 5 "Middlewares/ST/STM32_WPAN/ble/svc/Inc/p2p_stm.h"
 155              		.file 6 "STM32_WPAN/App/p2p_server_app.h"
 156              		.file 7 "Core/Inc/main.h"
 157              		.file 8 "Core/Inc/sensor_task.h"
ARM GAS  C:\Users\843E~1\AppData\Local\Temp\cczdQBWN.s 			page 5


DEFINED SYMBOLS
                            *ABS*:00000000 p2p_server_app.c
C:\Users\843E~1\AppData\Local\Temp\cczdQBWN.s:20     .text.P2PS_STM_App_Notification:00000000 $t
C:\Users\843E~1\AppData\Local\Temp\cczdQBWN.s:26     .text.P2PS_STM_App_Notification:00000000 P2PS_STM_App_Notification
C:\Users\843E~1\AppData\Local\Temp\cczdQBWN.s:78     .text.P2PS_STM_App_Notification:00000020 $d
C:\Users\843E~1\AppData\Local\Temp\cczdQBWN.s:83     .text.P2PS_APP_Notification:00000000 $t
C:\Users\843E~1\AppData\Local\Temp\cczdQBWN.s:89     .text.P2PS_APP_Notification:00000000 P2PS_APP_Notification
C:\Users\843E~1\AppData\Local\Temp\cczdQBWN.s:119    .text.P2PS_APP_Notification:00000010 $d
C:\Users\843E~1\AppData\Local\Temp\cczdQBWN.s:124    .text.P2PS_APP_Init:00000000 $t
C:\Users\843E~1\AppData\Local\Temp\cczdQBWN.s:130    .text.P2PS_APP_Init:00000000 P2PS_APP_Init
C:\Users\843E~1\AppData\Local\Temp\cczdQBWN.s:147    .bss.Notification_Status:00000000 Notification_Status
C:\Users\843E~1\AppData\Local\Temp\cczdQBWN.s:148    .bss.Notification_Status:00000000 $d

UNDEFINED SYMBOLS
SensorTask_RequestMeasurement
